cdec924ca437a4509dcb178396996ddf92c11183 SOURCES/shim-15.8.tar.bz2
