From 9bb33b1c8d0dba0d5c9e98d98b1063a1d0408414 Mon Sep 17 00:00:00 2001
From: =?UTF-8?q?Florian=20M=C3=BCllner?= <fmuellner@gnome.org>
Date: Wed, 17 Sep 2014 07:11:12 +0200
Subject: [PATCH] Replace Web with Firefox in default favorites

---
 data/org.gnome.shell.gschema.xml.in | 2 +-
 js/ui/appFavorites.js               | 1 +
 2 files changed, 2 insertions(+), 1 deletion(-)

diff --git a/data/org.gnome.shell.gschema.xml.in b/data/org.gnome.shell.gschema.xml.in
index 3cd37692a7..bd2bd5ead8 100644
--- a/data/org.gnome.shell.gschema.xml.in
+++ b/data/org.gnome.shell.gschema.xml.in
@@ -61,7 +61,7 @@
       </description>
     </key>
     <key name="favorite-apps" type="as">
-      <default>[ 'org.gnome.Epiphany.desktop', 'org.gnome.Calendar.desktop', 'org.gnome.Music.desktop', 'org.gnome.Nautilus.desktop', 'org.gnome.Software.desktop', 'org.gnome.TextEditor.desktop']</default>
+      <default>[ 'firefox.desktop', 'org.gnome.Calendar.desktop', 'org.gnome.Music.desktop', 'org.gnome.Nautilus.desktop', 'org.gnome.Software.desktop', 'org.gnome.TextEditor.desktop']</default>
       <summary>List of desktop file IDs for favorite applications</summary>
       <description>
         The applications corresponding to these identifiers
diff --git a/js/ui/appFavorites.js b/js/ui/appFavorites.js
index 576df3800d..a1deabde37 100644
--- a/js/ui/appFavorites.js
+++ b/js/ui/appFavorites.js
@@ -51,6 +51,7 @@ const RENAMED_DESKTOP_IDS = {
     'gnotski.desktop': 'org.gnome.Klotski.desktop',
     'gtali.desktop': 'org.gnome.Tali.desktop',
     'iagno.desktop': 'org.gnome.Reversi.desktop',
+    'firefox.desktop': 'firefox.desktop',
     'nautilus.desktop': 'org.gnome.Nautilus.desktop',
     'org.gnome.gnome-2048.desktop': 'org.gnome.TwentyFortyEight.desktop',
     'org.gnome.taquin.desktop': 'org.gnome.Taquin.desktop',
-- 
2.45.2

