sbat,1,SBAT Version,sbat,1,https://github.com/rhboot/shim/blob/main/SBAT.md
grub,3,Free Software Foundation,grub,@@VERSION@@,https//www.gnu.org/software/grub/
grub.rh,2,Red Hat,grub2,@@RHEL_VERSION_RELEASE@@,mailto:secalert@redhat.com
grub.almalinux,2,AlmaLinux,grub2,@@VERSION_RELEASE@@,mailto:security@almalinux.org
