SOURCES/fbaa64.efi
SOURCES/fbx64.efi
SOURCES/mmaa64.efi
SOURCES/mmx64.efi
SOURCES/shimaa64.efi
SOURCES/shimx64.efi
