4591a3da03f337b27e963b69202f7109496c0ef8 SOURCES/fbaa64.efi
403a4e918a00f5e90551085c7ba545969feee26e SOURCES/fbx64.efi
48fe2246bcc52729315e7db8361d753ab6be1633 SOURCES/mmaa64.efi
08fa765dbe8902c022fe0d5b5803c14bc1e44a5c SOURCES/mmx64.efi
206b13df7ccae83bf2f961da7010e16eac372b28 SOURCES/shimaa64.efi
1208043ca28f8566c115d8a15ba9bd8163b6badb SOURCES/shimx64.efi
